// Jest Snapshot v1, https://goo.gl/fbAQLP

exports[`testing footer component 1`] = `
<div>
  Footer
</div>
`;
